tostring
os
freeupbframe
fileWriteObject
GAME_CPU
getExt
GAME_superblit
pairs
assert
Gum
tonumber
GAME_draw
RENPSP_FOLDER
explodeLexer
load
pos
tmpFile
GAME_imagewidth
screen
SHOW_FPS
GAME_clear
coroutine
RenpyClass
GAME_listdir
freeupskip
loadstring
Timer
GAME_curdir
string
objClone
clearEngineState
print
ROOT_FOLDER
GAME_makeDir
spc1
Mp3
TEXT
Wav
Controls
GAME_imagesetpixel
ipairs
GAME_hasMP3
collectgarbage
GAME_enableAdvDesc
LEXEM
IntraFont
ch
Adhoc
bgname
math
pcall
ENGINE
idx
type
HELPFILE
RENPY
FALLING_MENU_X0
fileWriteTable
GAME_fps
loadfile
LdWgNew
freeupanswer
gcinfo
f
surf
Zip
switch
getfenv
loopkill
fileWriteParagraph
y
io
Ogg
freeuphelp
gamedesc
module
Color
_G
stateClone
Image
tmp_cwd
currentDirectoryFunc
CURRENT_SYSTEM
n_start
GAME_imageheight
setfenv
desc_check
freeupsave
x
prevsurf
state
PERSISTENT
loadedsurf
falling_menu
xpcall
cmd1
package
img
_VERSION
fileReadParagraph
current_position
fileWriteLine
line
At3
fname
GAME_fps_init
require
fileWriteEnv
cmd
freeupconf
setmetatable
next
getmetatable
fileReadObject
GAME_quit
descfile
freeupexit
soundon
rawequal
col
freeupload
readNonWhiteLine
newproxy
Wlan
freeuptext
fileReadTable
GAME_isdir
Gu
menuexit
rawset
countSpace
debug
GAME_start
debugPrintObject
GAMES_FOLDER
spc
fileReadTableProc
LdWg
unpack
saveScreen
GAME_nodraw
GAME_print
tblClone
chr
select
GAME_chkDir
WGPATH
rawget
GAME_imagegetpixel
falling_menu_bframe
FALLING_MENU_DX
dofile
table
savname
error
System
